// Jest Snapshot v1, https://goo.gl/fbAQLP

exports[`Render Header Success 1`] = `
<header>
  <h1>
    Expensify App
  </h1>
  <NavLink
    className={[Function]}
    to="/"
  >
    Home
  </NavLink>
  <NavLink
    className={[Function]}
    to="/create"
  >
    Create Expense
  </NavLink>
</header>
`;
